<!DOCTYPE html>
<html lang="en">
<head>
    <meta http-equiv="refresh" content="0;URL=../../../../wiwi/serialiser_binary/expected/static.DESC_EXPECTED_I40.html">
    <title>Redirection</title>
</head>
<body>
    <p>Redirecting to <a href="../../../../wiwi/serialiser_binary/expected/static.DESC_EXPECTED_I40.html">../../../../wiwi/serialiser_binary/expected/static.DESC_EXPECTED_I40.html</a>...</p>
    <script>location.replace("../../../../wiwi/serialiser_binary/expected/static.DESC_EXPECTED_I40.html" + location.search + location.hash);</script>
</body>
</html>